This is pdfTeX, Version 3.141592653-2.6-1.40.28 (TeX Live 2025) (preloaded format=pdflatex 2025.9.25)  18 NOV 2025 16:47
entering extended mode
 restricted \write18 enabled.
 file:line:error style messages enabled.
 %&-line parsing enabled.
**"c:/Users/james/GSU Dropbox Dropbox/James Scully/Plant model latex/Dendronotus/paper/manuscript_5.tex"
(c:/Users/james/GSU Dropbox Dropbox/James Scully/Plant model latex/Dendronotus/paper/manuscript_5.tex
LaTeX2e <2025-06-01> patch level 1
L3 programming layer <2025-09-02>
(c:/texlive/2025/texmf-dist/tex/latex/revtex/revtex4-2.cls
Document Class: revtex4-2 2022/06/05 4.2f (https://journals.aps.org/revtex/ for documentation)
 Copyright (c) 2019 American Physical Society.
 mailto:revtex@aps.org
 Licensed under the LPPL:
http://www.ctan.org/tex-archive/macros/latex/base/lppl.txt
 Arthur Ogawa <arthur_ogawa at sbcglobal dot net>
 Based on work by David Carlisle <david at dcarlisle.demon.co.uk>
 Version (4.2d--4.2f): Modified by Mark Doyle and Phelype Oleinik
 .
ltxutil[2022/06/05 4.2f utilities package (portions licensed from W. E. Baxter web at superscript.com)]
LaTeX Info: Redefining \@centercr on input line 356.
Class revtex4-2 Info: Repairing hyperref-unfriendly LaTeX definition of \mpfootnote on input line 492.
Class revtex4-2 Info: Repairing broken LateX \@sect on input line 814.
\intertabularlinepenalty=\count275
\@tbpen=\count276
\@arstrutbox@hline=\box53
Class revtex4-2 Info: Repairing broken LaTeX \@xbitor on input line 1845.
Class revtex4-2 Info: Making \typeout \long on input line 2110.
ltxfront[2022/06/05 4.2f frontmatter package (AO,DPC,MD)]
\c@affil=\count277
\c@collab=\count278
\absbox=\box54
ltxgrid[2022/06/05 4.2f page grid package (portions licensed from W. E. Baxter web at superscript.com)]
\c@linecount=\count279
\output@latex=\toks17
\box@size@1=\box55
\box@size@2=\box56
\@protection@box=\box57
\@topmark@saved=\toks18
\footins@saved=\box58
\footins@recovered=\box59
\column@recovered=\box60
\pagesofar=\box61
\footsofar=\box62
\pagegrid@col=\count280
Class revtex4-2 Info: Overriding \@vspace, \@vspacer, \@no@pgbk, \@newline, and \\  on input line 5676.
\c@part=\count281
\c@section=\count282
\c@subsection=\count283
\c@subsubsection=\count284
\c@paragraph=\count285
\c@subparagraph=\count286
\abovecaptionskip=\skip49
\belowcaptionskip=\skip50
\c@figure=\count287
\fbox@1=\box63
\c@table=\count288
\fbox@2=\box64
\c@video=\count289
\fbox@4=\box65
\@bibdataout=\write3
\widetext@top=\box66
\widetext@bot=\box67
Class revtex4-2 Info: Selecting society aip on input line 7669.
(c:/texlive/2025/texmf-dist/tex/latex/revtex/aip4-2.rtx
File: aip4-2.rtx 2022/06/05 4.2f AIP substyle for REVTeX
Class revtex4-2 Info: RevTeX society AIP selected on input line 88.
)

Class revtex4-2 Warning: No journal specified, using default cha.

Using journal substyle cha.
Class revtex4-2 Info: Reading file aps10pt4-2.rtx on input line 7674.
(c:/texlive/2025/texmf-dist/tex/latex/revtex/aps10pt4-2.rtx
File: aps10pt4-2 2022/06/05 4.2f (https://journals.aps.org/revtex/ for documentation)
Class revtex4-2 Info: RevTeX pointsize 10pt selected on input line 39.
)
Class revtex4-2 Info: Overriding 10pt on input line 7674.
 (c:/texlive/2025/texmf-dist/tex/latex/textcase/textcase.sty
Package: textcase 2025/02/16 v1.05 Text only upper/lower case changing (DPC)
Package textcase Info: Defining Legacy names on input line 20.
) (c:/texlive/2025/texmf-dist/tex/latex/amsfonts/amssymb.sty
Package: amssymb 2013/01/14 v3.01 AMS font symbols
 (c:/texlive/2025/texmf-dist/tex/latex/amsfonts/amsfonts.sty
Package: amsfonts 2013/01/14 v3.01 Basic AMSFonts support
\@emptytoks=\toks19
\symAMSa=\mathgroup4
\symAMSb=\mathgroup5
LaTeX Font Info:    Redeclaring math symbol \hbar on input line 98.
LaTeX Font Info:    Overwriting math alphabet `\mathfrak' in version `bold'
(Font)                  U/euf/m/n --> U/euf/b/n on input line 106.
)) (c:/texlive/2025/texmf-dist/tex/latex/amsmath/amsmath.sty
Package: amsmath 2025/06/16 v2.17y AMS math features
\@mathmargin=\skip51

For additional information on amsmath, use the `?' option.
(c:/texlive/2025/texmf-dist/tex/latex/amsmath/amstext.sty
Package: amstext 2024/11/17 v2.01 AMS text
 (c:/texlive/2025/texmf-dist/tex/latex/amsmath/amsgen.sty
File: amsgen.sty 1999/11/30 v2.0 generic functions
\@emptytoks=\toks20
\ex@=\dimen148
)
LaTeX Info: Redefining \text on input line 28.
) (c:/texlive/2025/texmf-dist/tex/latex/amsmath/amsbsy.sty
Package: amsbsy 1999/11/29 v1.2d Bold Symbols
\pmbraise@=\dimen149
) (c:/texlive/2025/texmf-dist/tex/latex/amsmath/amsopn.sty
Package: amsopn 2022/04/08 v2.04 operator names
)
\inf@bad=\count290
LaTeX Info: Redefining \frac on input line 233.
\uproot@=\count291
\leftroot@=\count292
LaTeX Info: Redefining \overline on input line 398.
LaTeX Info: Redefining \colon on input line 409.
\classnum@=\count293
\DOTSCASE@=\count294
LaTeX Info: Redefining \ldots on input line 495.
LaTeX Info: Redefining \dots on input line 498.
LaTeX Info: Redefining \cdots on input line 619.
\Mathstrutbox@=\box68
\strutbox@=\box69
LaTeX Info: Redefining \big on input line 721.
LaTeX Info: Redefining \Big on input line 722.
LaTeX Info: Redefining \bigg on input line 723.
LaTeX Info: Redefining \Bigg on input line 724.
\big@size=\dimen150
LaTeX Font Info:    Redeclaring font encoding OML on input line 742.
LaTeX Font Info:    Redeclaring font encoding OMS on input line 743.
\macc@depth=\count295
LaTeX Info: Redefining \bmod on input line 904.
LaTeX Info: Redefining \pmod on input line 909.
LaTeX Info: Redefining \smash on input line 939.
LaTeX Info: Redefining \relbar on input line 969.
LaTeX Info: Redefining \Relbar on input line 970.
\c@MaxMatrixCols=\count296
\dotsspace@=\muskip17
\c@parentequation=\count297
\dspbrk@lvl=\count298
\tag@help=\toks21
\row@=\count299
\column@=\count300
\maxfields@=\count301
\andhelp@=\toks22
\eqnshift@=\dimen151
\alignsep@=\dimen152
\tagshift@=\dimen153
\tagwidth@=\dimen154
\totwidth@=\dimen155
\lineht@=\dimen156
\@envbody=\toks23
\multlinegap=\skip52
\multlinetaggap=\skip53
\mathdisplay@stack=\toks24
LaTeX Info: Redefining \[ on input line 2949.
LaTeX Info: Redefining \] on input line 2950.
) (c:/texlive/2025/texmf-dist/tex/latex/url/url.sty
\Urlmuskip=\muskip18
Package: url 2013/09/16  ver 3.4  Verb mode for urls, etc.
) (c:/texlive/2025/texmf-dist/tex/latex/natbib/natbib.sty
Package: natbib 2010/09/13 8.31b (PWD, AO)
\bibhang=\skip54
\bibsep=\skip55
LaTeX Info: Redefining \cite on input line 694.
\c@NAT@ctr=\count302
)
Class revtex4-2 Info: Repairing natbib's \BibitemShut on input line 7676.
 (c:/texlive/2025/texmf-dist/tex/latex/revtex/revsymb4-2.sty
Package: revsymb4-2 2022/06/05 4.2f (https://journals.aps.org/revtex/ for documentation)
LaTeX Info: Redefining \frak on input line 104.
LaTeX Info: Redefining \Bbb on input line 120.
LaTeX Info: Redefining \REV@mathfrak on input line 128.
)) (c:/texlive/2025/texmf-dist/tex/latex/graphics/graphicx.sty
Package: graphicx 2024/12/31 v1.2e Enhanced LaTeX Graphics (DPC,SPQR)
 (c:/texlive/2025/texmf-dist/tex/latex/graphics/keyval.sty
Package: keyval 2022/05/29 v1.15 key=value parser (DPC)
\KV@toks@=\toks25
) (c:/texlive/2025/texmf-dist/tex/latex/graphics/graphics.sty
Package: graphics 2024/08/06 v1.4g Standard LaTeX Graphics (DPC,SPQR)
 (c:/texlive/2025/texmf-dist/tex/latex/graphics/trig.sty
Package: trig 2023/12/02 v1.11 sin cos tan (DPC)
) (c:/texlive/2025/texmf-dist/tex/latex/graphics-cfg/graphics.cfg
File: graphics.cfg 2016/06/04 v1.11 sample graphics configuration
)
Package graphics Info: Driver file: pdftex.def on input line 106.
 (c:/texlive/2025/texmf-dist/tex/latex/graphics-def/pdftex.def
File: pdftex.def 2024/04/13 v1.2c Graphics/color driver for pdftex
))
\Gin@req@height=\dimen157
\Gin@req@width=\dimen158
) (c:/texlive/2025/texmf-dist/tex/latex/tools/dcolumn.sty
Package: dcolumn 2023/07/08 v1.06 decimal alignment package (DPC)
 (c:/texlive/2025/texmf-dist/tex/latex/tools/array.sty
Package: array 2025/06/08 v2.6j Tabular extension package (FMi)
\col@sep=\dimen159
\ar@mcellbox=\box70
\extrarowheight=\dimen160
\NC@list=\toks26
\extratabsurround=\skip56
\backup@length=\skip57
\ar@cellbox=\box71
)) (c:/texlive/2025/texmf-dist/tex/latex/tools/bm.sty
Package: bm 2023/12/19 v1.2f Bold Symbol Support (DPC/FMi)
\symboldoperators=\mathgroup6
\symboldletters=\mathgroup7
\symboldsymbols=\mathgroup8
Package bm Info: No bold for \OMX/cmex/m/n, using \pmb.
Package bm Info: No bold for \U/msa/m/n, using \pmb.
Package bm Info: No bold for \U/msb/m/n, using \pmb.
LaTeX Font Info:    Redeclaring math alphabet \mathbf on input line 149.
LaTeX Info: Redefining \bm on input line 219.
) (c:/texlive/2025/texmf-dist/tex/latex/base/inputenc.sty
Package: inputenc 2024/02/08 v1.3d Input encoding file
\inpenc@prehook=\toks27
\inpenc@posthook=\toks28
) (c:/texlive/2025/texmf-dist/tex/latex/base/fontenc.sty
Package: fontenc 2024/12/21 v2.1c Standard LaTeX package
) (c:/texlive/2025/texmf-dist/tex/latex/psnfss/mathptmx.sty
Package: mathptmx 2020/03/25 PSNFSS-v9.3 Times w/ Math, improved (SPQR, WaS) 
LaTeX Font Info:    Redeclaring symbol font `operators' on input line 28.
LaTeX Font Info:    Overwriting symbol font `operators' in version `normal'
(Font)                  OT1/cmr/m/n --> OT1/ztmcm/m/n on input line 28.
LaTeX Font Info:    Overwriting symbol font `operators' in version `bold'
(Font)                  OT1/cmr/bx/n --> OT1/ztmcm/m/n on input line 28.
LaTeX Font Info:    Redeclaring symbol font `letters' on input line 29.
LaTeX Font Info:    Overwriting symbol font `letters' in version `normal'
(Font)                  OML/cmm/m/it --> OML/ztmcm/m/it on input line 29.
LaTeX Font Info:    Overwriting symbol font `letters' in version `bold'
(Font)                  OML/cmm/b/it --> OML/ztmcm/m/it on input line 29.
LaTeX Font Info:    Redeclaring symbol font `symbols' on input line 30.
LaTeX Font Info:    Overwriting symbol font `symbols' in version `normal'
(Font)                  OMS/cmsy/m/n --> OMS/ztmcm/m/n on input line 30.
LaTeX Font Info:    Overwriting symbol font `symbols' in version `bold'
(Font)                  OMS/cmsy/b/n --> OMS/ztmcm/m/n on input line 30.
LaTeX Font Info:    Redeclaring symbol font `largesymbols' on input line 31.
LaTeX Font Info:    Overwriting symbol font `largesymbols' in version `normal'
(Font)                  OMX/cmex/m/n --> OMX/ztmcm/m/n on input line 31.
LaTeX Font Info:    Overwriting symbol font `largesymbols' in version `bold'
(Font)                  OMX/cmex/m/n --> OMX/ztmcm/m/n on input line 31.
\symbold=\mathgroup9
\symitalic=\mathgroup10
LaTeX Font Info:    Redeclaring math alphabet \mathbf on input line 34.
LaTeX Font Info:    Redeclaring math alphabet \mathit on input line 35.
LaTeX Font Info:    Overwriting math alphabet `\mathit' in version `normal'
(Font)                  OT1/cmr/m/it --> OT1/ptm/m/it on input line 35.
LaTeX Font Info:    Overwriting math alphabet `\mathit' in version `bold'
(Font)                  OT1/cmr/bx/it --> OT1/ptm/m/it on input line 35.
LaTeX Info: Redefining \hbar on input line 50.
) (c:/texlive/2025/texmf-dist/tex/latex/tools/verbatim.sty
Package: verbatim 2024-01-22 v1.5x LaTeX2e package for verbatim enhancements
\every@verbatim=\toks29
\verbatim@line=\toks30
\verbatim@in@stream=\read2
) (c:/texlive/2025/texmf-dist/tex/latex/fdsymbol/fdsymbol.sty
Package: fdsymbol 2025/02/17 v1.0 FdSymbol support package
 (c:/texlive/2025/texmf-dist/tex/latex/xkeyval/xkeyval.sty
Package: xkeyval 2022/06/16 v2.9 package option processing (HA)
 (c:/texlive/2025/texmf-dist/tex/generic/xkeyval/xkeyval.tex (c:/texlive/2025/texmf-dist/tex/generic/xkeyval/xkvutils.tex
\XKV@toks=\toks31
\XKV@tempa@toks=\toks32
)
\XKV@depth=\count303
File: xkeyval.tex 2014/12/03 v2.7a key=value parser (HA)
)) (c:/texlive/2025/texmf-dist/tex/latex/base/textcomp.sty
Package: textcomp 2024/04/24 v2.1b Standard LaTeX package
)
LaTeX Info: Redefining \dagger on input line 81.
LaTeX Info: Redefining \ddagger on input line 82.
LaTeX Info: Redefining \mathparagraph on input line 83.
LaTeX Info: Redefining \mathsection on input line 84.
LaTeX Info: Redefining \mathdollar on input line 85.
LaTeX Info: Redefining \mathsterling on input line 86.
LaTeX Info: Redefining \yen on input line 87.
LaTeX Info: Redefining \circledR on input line 88.
LaTeX Info: Redefining \circledS on input line 90.
LaTeX Info: Redefining \Re on input line 92.
LaTeX Info: Redefining \Im on input line 93.
LaTeX Info: Redefining \thicksim on input line 95.
LaTeX Info: Redefining \thickapprox on input line 96.
LaTeX Info: Redefining \centerdot on input line 101.
LaTeX Font Info:    Redeclaring symbol font `symbols' on input line 180.
LaTeX Font Info:    Encoding `OMS' has changed to `U' for symbol font
(Font)              `symbols' in the math version `normal' on input line 180.
LaTeX Font Info:    Overwriting symbol font `symbols' in version `normal'
(Font)                  OMS/ztmcm/m/n --> U/FdSymbolA/m/n on input line 180.
LaTeX Font Info:    Encoding `OMS' has changed to `U' for symbol font
(Font)              `symbols' in the math version `bold' on input line 180.
LaTeX Font Info:    Overwriting symbol font `symbols' in version `bold'
(Font)                  OMS/ztmcm/m/n --> U/FdSymbolA/m/n on input line 180.
\symrelations=\mathgroup11
\symarrows=\mathgroup12
\symnarrows=\mathgroup13
LaTeX Font Info:    Redeclaring symbol font `largesymbols' on input line 184.
LaTeX Font Info:    Encoding `OMX' has changed to `U' for symbol font
(Font)              `largesymbols' in the math version `normal' on input line 184.
LaTeX Font Info:    Overwriting symbol font `largesymbols' in version `normal'
(Font)                  OMX/ztmcm/m/n --> U/FdSymbolE/m/n on input line 184.
LaTeX Font Info:    Encoding `OMX' has changed to `U' for symbol font
(Font)              `largesymbols' in the math version `bold' on input line 184.
LaTeX Font Info:    Overwriting symbol font `largesymbols' in version `bold'
(Font)                  OMX/ztmcm/m/n --> U/FdSymbolE/m/n on input line 184.
\symdelimiters=\mathgroup14
LaTeX Font Info:    Overwriting symbol font `symbols' in version `bold'
(Font)                  U/FdSymbolA/m/n --> U/FdSymbolA/b/n on input line 186.
LaTeX Font Info:    Overwriting symbol font `relations' in version `bold'
(Font)                  U/FdSymbolB/m/n --> U/FdSymbolB/b/n on input line 187.
LaTeX Font Info:    Overwriting symbol font `arrows' in version `bold'
(Font)                  U/FdSymbolC/m/n --> U/FdSymbolC/b/n on input line 188.
LaTeX Font Info:    Overwriting symbol font `narrows' in version `bold'
(Font)                  U/FdSymbolD/m/n --> U/FdSymbolD/b/n on input line 189.
LaTeX Font Info:    Overwriting symbol font `largesymbols' in version `bold'
(Font)                  U/FdSymbolE/m/n --> U/FdSymbolE/b/n on input line 190.
LaTeX Font Info:    Overwriting symbol font `delimiters' in version `bold'
(Font)                  U/FdSymbolF/m/n --> U/FdSymbolF/b/n on input line 191.
LaTeX Font Info:    Redeclaring math alphabet \mathcal on input line 192.
LaTeX Font Info:    Overwriting math alphabet `\mathcal' in version `bold'
(Font)                  OMS/cmsy/m/n --> OMS/cmsy/b/n on input line 193.
LaTeX Font Info:    Redeclaring math alphabet \mathbb on input line 194.
LaTeX Font Info:    Redeclaring math alphabet \mathfrak on input line 195.
LaTeX Font Info:    Overwriting math alphabet `\mathfrak' in version `normal'
(Font)                  U/euf/m/n --> U/euf/m/n on input line 195.
LaTeX Font Info:    Overwriting math alphabet `\mathfrak' in version `bold'
(Font)                  U/euf/b/n --> U/euf/m/n on input line 195.
LaTeX Font Info:    Overwriting math alphabet `\mathfrak' in version `bold'
(Font)                  U/euf/m/n --> U/euf/b/n on input line 196.
LaTeX Info: Redefining \vdots on input line 221.
LaTeX Info: Redefining \relbar on input line 1205.
LaTeX Info: Redefining \Relbar on input line 1206.
LaTeX Font Info:    Redeclaring math accent \widehat on input line 1796.
LaTeX Font Info:    Redeclaring math accent \widetilde on input line 1797.
LaTeX Font Info:    Redeclaring math accent \vec on input line 1799.
LaTeX Font Info:    Redeclaring math symbol \setminus on input line 1902.
LaTeX Font Info:    Redeclaring math symbol \mid on input line 1907.
LaTeX Font Info:    Redeclaring math symbol \nmid on input line 1908.
LaTeX Font Info:    Redeclaring math symbol \parallel on input line 1912.
LaTeX Font Info:    Redeclaring math symbol \nparallel on input line 1913.
LaTeX Font Info:    Redeclaring math symbol \shortmid on input line 1921.
LaTeX Font Info:    Redeclaring math symbol \nshortmid on input line 1922.
LaTeX Font Info:    Redeclaring math symbol \shortparallel on input line 1923.
LaTeX Font Info:    Redeclaring math symbol \nshortparallel on input line 1924.
LaTeX Font Info:    Redeclaring math symbol \braceld on input line 1944.
LaTeX Font Info:    Redeclaring math symbol \bracelu on input line 1945.
LaTeX Font Info:    Redeclaring math symbol \bracerd on input line 1946.
LaTeX Font Info:    Redeclaring math symbol \braceru on input line 1947.
LaTeX Info: Redefining \overbrace on input line 1963.
LaTeX Info: Redefining \underbrace on input line 1966.
LaTeX Font Info:    Redeclaring math symbol \surd on input line 1980.
) (c:/texlive/2025/texmf-dist/tex/latex/sidecap/sidecap.sty
Package: sidecap 2023/01/24 v1.7a SideCap Package (RN/HjG)
 (c:/texlive/2025/texmf-dist/tex/latex/base/ifthen.sty
Package: ifthen 2024/03/16 v1.1e Standard LaTeX ifthen package (DPC)
)
\SC@BOXWD=\dimen161
\SC@CAPWD=\dimen162
\SC@tempdima=\dimen163
\SC@tempdimb=\dimen164
\c@SC@C=\count304
\SC@BOX=\box72
) (c:/texlive/2025/texmf-dist/tex/latex/placeins/placeins.sty
Package: placeins 2005/04/18  v 2.2
) (c:/texlive/2025/texmf-dist/tex/latex/xcolor/xcolor.sty
Package: xcolor 2024/09/29 v3.02 LaTeX color extensions (UK)
 (c:/texlive/2025/texmf-dist/tex/latex/graphics-cfg/color.cfg
File: color.cfg 2016/01/02 v1.6 sample color configuration
)
Package xcolor Info: Driver file: pdftex.def on input line 274.
 (c:/texlive/2025/texmf-dist/tex/latex/graphics/mathcolor.ltx)
Package xcolor Info: Model `cmy' substituted by `cmy0' on input line 1349.
Package xcolor Info: Model `hsb' substituted by `rgb' on input line 1353.
Package xcolor Info: Model `RGB' extended on input line 1365.
Package xcolor Info: Model `HTML' substituted by `rgb' on input line 1367.
Package xcolor Info: Model `Hsb' substituted by `hsb' on input line 1368.
Package xcolor Info: Model `tHsb' substituted by `hsb' on input line 1369.
Package xcolor Info: Model `HSB' substituted by `hsb' on input line 1370.
Package xcolor Info: Model `Gray' substituted by `gray' on input line 1371.
Package xcolor Info: Model `wave' substituted by `hsb' on input line 1372.
) (c:/texlive/2025/texmf-dist/tex/latex/amscls/amsthm.sty
Package: amsthm 2020/05/29 v2.20.6
\thm@style=\toks33
\thm@bodyfont=\toks34
\thm@headfont=\toks35
\thm@notefont=\toks36
\thm@headpunct=\toks37
\thm@preskip=\skip58
\thm@postskip=\skip59
\thm@headsep=\skip60
\dth@everypar=\toks38
) (c:/texlive/2025/texmf-dist/tex/latex/amsmath/amscd.sty
Package: amscd 2017/04/14 v2.1 AMS Commutative Diagrams
\athelp@=\toks39
\minaw@=\dimen165
\bigaw@=\dimen166
\minCDarrowwidth=\dimen167
) (c:/texlive/2025/texmf-dist/tex/latex/mathtools/mathtools.sty
Package: mathtools 2024/10/04 v1.31 mathematical typesetting tools
 (c:/texlive/2025/texmf-dist/tex/latex/tools/calc.sty
Package: calc 2025/03/01 v4.3b Infix arithmetic (KKT,FJ)
\calc@Acount=\count305
\calc@Bcount=\count306
\calc@Adimen=\dimen168
\calc@Bdimen=\dimen169
\calc@Askip=\skip61
\calc@Bskip=\skip62
LaTeX Info: Redefining \setlength on input line 86.
LaTeX Info: Redefining \addtolength on input line 87.
\calc@Ccount=\count307
\calc@Cskip=\skip63
) (c:/texlive/2025/texmf-dist/tex/latex/mathtools/mhsetup.sty
Package: mhsetup 2021/03/18 v1.4 programming setup (MH)
)
\g_MT_multlinerow_int=\count308
\l_MT_multwidth_dim=\dimen170
\origjot=\skip64
\l_MT_shortvdotswithinadjustabove_dim=\dimen171
\l_MT_shortvdotswithinadjustbelow_dim=\dimen172
\l_MT_above_intertext_sep=\dimen173
\l_MT_below_intertext_sep=\dimen174
\l_MT_above_shortintertext_sep=\dimen175
\l_MT_below_shortintertext_sep=\dimen176
\xmathstrut@box=\box73
\xmathstrut@dim=\dimen177
) (c:/texlive/2025/texmf-dist/tex/latex/hyperref/hyperref.sty
Package: hyperref 2025-07-12 v7.01o Hypertext links for LaTeX
 (c:/texlive/2025/texmf-dist/tex/generic/iftex/iftex.sty
Package: iftex 2024/12/12 v1.0g TeX engine tests
) (c:/texlive/2025/texmf-dist/tex/latex/kvsetkeys/kvsetkeys.sty
Package: kvsetkeys 2022-10-05 v1.19 Key value parser (HO)
) (c:/texlive/2025/texmf-dist/tex/generic/kvdefinekeys/kvdefinekeys.sty
Package: kvdefinekeys 2019-12-19 v1.6 Define keys (HO)
) (c:/texlive/2025/texmf-dist/tex/generic/pdfescape/pdfescape.sty
Package: pdfescape 2019/12/09 v1.15 Implements pdfTeX's escape features (HO)
 (c:/texlive/2025/texmf-dist/tex/generic/ltxcmds/ltxcmds.sty
Package: ltxcmds 2023-12-04 v1.26 LaTeX kernel commands for general use (HO)
) (c:/texlive/2025/texmf-dist/tex/generic/pdftexcmds/pdftexcmds.sty
Package: pdftexcmds 2020-06-27 v0.33 Utility functions of pdfTeX for LuaTeX (HO)
 (c:/texlive/2025/texmf-dist/tex/generic/infwarerr/infwarerr.sty
Package: infwarerr 2019/12/03 v1.5 Providing info/warning/error messages (HO)
)
Package pdftexcmds Info: \pdf@primitive is available.
Package pdftexcmds Info: \pdf@ifprimitive is available.
Package pdftexcmds Info: \pdfdraftmode found.
)) (c:/texlive/2025/texmf-dist/tex/latex/hycolor/hycolor.sty
Package: hycolor 2020-01-27 v1.10 Color options for hyperref/bookmark (HO)
) (c:/texlive/2025/texmf-dist/tex/latex/hyperref/nameref.sty
Package: nameref 2025-06-21 v2.57 Cross-referencing by name of section
 (c:/texlive/2025/texmf-dist/tex/latex/refcount/refcount.sty
Package: refcount 2019/12/15 v3.6 Data extraction from label references (HO)
) (c:/texlive/2025/texmf-dist/tex/generic/gettitlestring/gettitlestring.sty
Package: gettitlestring 2019/12/15 v1.6 Cleanup title references (HO)
 (c:/texlive/2025/texmf-dist/tex/latex/kvoptions/kvoptions.sty
Package: kvoptions 2022-06-15 v3.15 Key value format for package options (HO)
))

Package nameref Warning: The definition of \label has changed! 
(nameref)                Check your packages! 
(nameref)                Replacing it with the kernel definition on input line 149.

\c@section@level=\count309
) (c:/texlive/2025/texmf-dist/tex/latex/etoolbox/etoolbox.sty
Package: etoolbox 2025/02/11 v2.5l e-TeX tools for LaTeX (JAW)
\etb@tempcnta=\count310
) (c:/texlive/2025/texmf-dist/tex/generic/stringenc/stringenc.sty
Package: stringenc 2019/11/29 v1.12 Convert strings between diff. encodings (HO)
)
\@linkdim=\dimen178
\Hy@linkcounter=\count311
\Hy@pagecounter=\count312
 (c:/texlive/2025/texmf-dist/tex/latex/hyperref/pd1enc.def
File: pd1enc.def 2025-07-12 v7.01o Hyperref: PDFDocEncoding definition (HO)
Now handling font encoding PD1 ...
... no UTF-8 mapping file for font encoding PD1
) (c:/texlive/2025/texmf-dist/tex/generic/intcalc/intcalc.sty
Package: intcalc 2019/12/15 v1.3 Expandable calculations with integers (HO)
)
\Hy@SavedSpaceFactor=\count313
 (c:/texlive/2025/texmf-dist/tex/latex/hyperref/puenc.def
File: puenc.def 2025-07-12 v7.01o Hyperref: PDF Unicode definition (HO)
Now handling font encoding PU ...
... no UTF-8 mapping file for font encoding PU
)
Package hyperref Info: Hyper figures OFF on input line 4195.
Package hyperref Info: Link nesting OFF on input line 4200.
Package hyperref Info: Hyper index ON on input line 4203.
Package hyperref Info: Plain pages OFF on input line 4210.
Package hyperref Info: Backreferencing OFF on input line 4215.
Package hyperref Info: Implicit mode ON; LaTeX internals redefined.
Package hyperref Info: Bookmarks ON on input line 4462.
LaTeX Info: Redefining \href on input line 4712.
\c@Hy@tempcnt=\count314
LaTeX Info: Redefining \url on input line 4801.
\XeTeXLinkMargin=\dimen179
 (c:/texlive/2025/texmf-dist/tex/generic/bitset/bitset.sty
Package: bitset 2019/12/09 v1.3 Handle bit-vector datatype (HO)
 (c:/texlive/2025/texmf-dist/tex/generic/bigintcalc/bigintcalc.sty
Package: bigintcalc 2019/12/15 v1.5 Expandable calculations on big integers (HO)
))
\Fld@menulength=\count315
\Field@Width=\dimen180
\Fld@charsize=\dimen181
Package hyperref Info: Hyper figures OFF on input line 6078.
Package hyperref Info: Link nesting OFF on input line 6083.
Package hyperref Info: Hyper index ON on input line 6086.
Package hyperref Info: backreferencing OFF on input line 6093.
Package hyperref Info: Link coloring OFF on input line 6098.
Package hyperref Info: Link coloring with OCG OFF on input line 6103.
Package hyperref Info: PDF/A mode OFF on input line 6108.
\Hy@abspage=\count316
\c@Item=\count317
\c@Hfootnote=\count318
)
Package hyperref Info: Driver (autodetected): hpdftex.
 (c:/texlive/2025/texmf-dist/tex/latex/hyperref/hpdftex.def
File: hpdftex.def 2025-07-12 v7.01o Hyperref driver for pdfTeX
\Fld@listcount=\count319
\c@bookmark@seq@number=\count320
 (c:/texlive/2025/texmf-dist/tex/latex/rerunfilecheck/rerunfilecheck.sty
Package: rerunfilecheck 2025-06-21 v1.11 Rerun checks for auxiliary files (HO)
 (c:/texlive/2025/texmf-dist/tex/generic/uniquecounter/uniquecounter.sty
Package: uniquecounter 2019/12/15 v1.4 Provide unlimited unique counter (HO)
)
Package uniquecounter Info: New unique counter `rerunfilecheck' on input line 284.
)
\Hy@SectionHShift=\skip65
) (c:/texlive/2025/texmf-dist/tex/latex/bbold/bbold.sty
Package: bbold 1994/04/06 Bbold symbol package
LaTeX Font Info:    Redeclaring math alphabet \mathbb on input line 42.
LaTeX Font Info:    Overwriting math alphabet `\mathbb' in version `normal'
(Font)                  U/msb/m/n --> U/bbold/m/n on input line 42.
LaTeX Font Info:    Overwriting math alphabet `\mathbb' in version `bold'
(Font)                  U/msb/m/n --> U/bbold/m/n on input line 42.
) (c:/texlive/2025/texmf-dist/tex/latex/tools/tabularx.sty
Package: tabularx 2023/12/11 v2.12a `tabularx' package (DPC)
\TX@col@width=\dimen182
\TX@old@table=\dimen183
\TX@old@col=\dimen184
\TX@target=\dimen185
\TX@delta=\dimen186
\TX@cols=\count321
\TX@ftn=\toks40
) (c:/texlive/2025/texmf-dist/tex/latex/algorithm2e/algorithm2e.sty
Package: algorithm2e 2017/07/18 v5.2 algorithms environments
\c@AlgoLine=\count322
\algocf@hangindent=\skip66
 (c:/texlive/2025/texmf-dist/tex/latex/ifoddpage/ifoddpage.sty
Package: ifoddpage 2022/10/18 v1.2 Conditionals for odd/even page detection
\c@checkoddpage=\count323
) (c:/texlive/2025/texmf-dist/tex/latex/tools/xspace.sty
Package: xspace 2014/10/28 v1.13 Space after command names (DPC,MH)
) (c:/texlive/2025/texmf-dist/tex/latex/relsize/relsize.sty
Package: relsize 2013/03/29 ver 4.1
)
\skiptotal=\skip67
\skiplinenumber=\skip68
\skiprule=\skip69
\skiphlne=\skip70
\skiptext=\skip71
\skiplength=\skip72
\algomargin=\skip73
\skipalgocfslide=\skip74
\algowidth=\dimen187
\inoutsize=\dimen188
\inoutindent=\dimen189
\interspacetitleruled=\dimen190
\interspacealgoruled=\dimen191
\interspacetitleboxruled=\dimen192
\algocf@ruledwidth=\skip75
\algocf@inoutbox=\box74
\algocf@inputbox=\box75
\AlCapSkip=\skip76
\AlCapHSkip=\skip77
\algoskipindent=\skip78
\algocf@nlbox=\box76
\algocf@hangingbox=\box77
\algocf@untilbox=\box78
\algocf@skipuntil=\skip79
\algocf@capbox=\box79
\algocf@lcaptionbox=\skip80
\algoheightruledefault=\skip81
\algoheightrule=\skip82
\algotitleheightruledefault=\skip83
\algotitleheightrule=\skip84
\c@algocfline=\count324
\c@algocfproc=\count325
\c@algocf=\count326
\algocf@algoframe=\box80
\algocf@algobox=\box81
)
Class revtex4-2 Info: Unrecognized array package. Please update this document class! (Proceeding with fingers crossed.) on input line 25.
Class revtex4-2 Info: cite was not loaded (OK!) on input line 25.
Class revtex4-2 Info: mcite was not loaded (OK!) on input line 25.
Class revtex4-2 Info: multicol was not loaded (OK!) on input line 25.
LaTeX Font Info:    Trying to load font information for T1+ptm on input line 25.
 (c:/texlive/2025/texmf-dist/tex/latex/psnfss/t1ptm.fd
File: t1ptm.fd 2001/06/04 font definitions for T1/ptm.
) (c:/texlive/2025/texmf-dist/tex/latex/l3backend/l3backend-pdftex.def
File: l3backend-pdftex.def 2025-06-09 L3 backend support: PDF output (pdfTeX)
\l__color_backend_stack_int=\count327
) (./manuscript_5.aux)
\openout1 = `manuscript_5.aux'.

LaTeX Font Info:    Checking defaults for OML/cmm/m/it on input line 25.
LaTeX Font Info:    ... okay on input line 25.
LaTeX Font Info:    Checking defaults for OMS/cmsy/m/n on input line 25.
LaTeX Font Info:    ... okay on input line 25.
LaTeX Font Info:    Checking defaults for OT1/cmr/m/n on input line 25.
LaTeX Font Info:    ... okay on input line 25.
LaTeX Font Info:    Checking defaults for T1/cmr/m/n on input line 25.
LaTeX Font Info:    ... okay on input line 25.
LaTeX Font Info:    Checking defaults for TS1/cmr/m/n on input line 25.
LaTeX Font Info:    ... okay on input line 25.
LaTeX Font Info:    Checking defaults for OMX/cmex/m/n on input line 25.
LaTeX Font Info:    ... okay on input line 25.
LaTeX Font Info:    Checking defaults for U/cmr/m/n on input line 25.
LaTeX Font Info:    ... okay on input line 25.
LaTeX Font Info:    Checking defaults for PD1/pdf/m/n on input line 25.
LaTeX Font Info:    ... okay on input line 25.
LaTeX Font Info:    Checking defaults for PU/pdf/m/n on input line 25.
LaTeX Font Info:    ... okay on input line 25.
 (c:/texlive/2025/texmf-dist/tex/context/base/mkii/supp-pdf.mkii
[Loading MPS to PDF converter (version 2006.09.02).]
\scratchcounter=\count328
\scratchdimen=\dimen193
\scratchbox=\box82
\nofMPsegments=\count329
\nofMParguments=\count330
\everyMPshowfont=\toks41
\MPscratchCnt=\count331
\MPscratchDim=\dimen194
\MPnumerator=\count332
\makeMPintoPDFobject=\count333
\everyMPtoPDFconversion=\toks42
) (c:/texlive/2025/texmf-dist/tex/latex/epstopdf-pkg/epstopdf-base.sty
Package: epstopdf-base 2020-01-24 v2.11 Base part for package epstopdf
Package epstopdf-base Info: Redefining graphics rule for `.eps' on input line 485.
 (c:/texlive/2025/texmf-dist/tex/latex/latexconfig/epstopdf-sys.cfg
File: epstopdf-sys.cfg 2010/07/13 v1.3 Configuration of (r)epstopdf for TeX Live
)) (c:/texlive/2025/texmf-dist/tex/latex/ragged2e/ragged2e.sty
Package: ragged2e 2023/06/22 v3.6 ragged2e Package
\CenteringLeftskip=\skip85
\RaggedLeftLeftskip=\skip86
\RaggedRightLeftskip=\skip87
\CenteringRightskip=\skip88
\RaggedLeftRightskip=\skip89
\RaggedRightRightskip=\skip90
\CenteringParfillskip=\skip91
\RaggedLeftParfillskip=\skip92
\RaggedRightParfillskip=\skip93
\JustifyingParfillskip=\skip94
\CenteringParindent=\skip95
\RaggedLeftParindent=\skip96
\RaggedRightParindent=\skip97
\JustifyingParindent=\skip98
)
Package hyperref Info: Link coloring OFF on input line 25.
\@outlinefile=\write4
\openout4 = `manuscript_5.out'.

Class revtex4-2 Info: Taking \maketitle back from hyperref on input line 25.
\openout3 = `manuscript_5Notes.bib'.

LaTeX Font Info:    Trying to load font information for OT1+ztmcm on input line 55.
 (c:/texlive/2025/texmf-dist/tex/latex/psnfss/ot1ztmcm.fd
File: ot1ztmcm.fd 2000/01/03 Fontinst v1.801 font definitions for OT1/ztmcm.
)
LaTeX Font Info:    Trying to load font information for OML+ztmcm on input line 55.
 (c:/texlive/2025/texmf-dist/tex/latex/psnfss/omlztmcm.fd
File: omlztmcm.fd 2000/01/03 Fontinst v1.801 font definitions for OML/ztmcm.
)
LaTeX Font Info:    Font shape `U/FdSymbolA/m/n' will be
(Font)              scaled to size 10.0pt on input line 55.
LaTeX Font Info:    Font shape `U/FdSymbolA/m/n' will be
(Font)              scaled to size 7.4pt on input line 55.
LaTeX Font Info:    Font shape `U/FdSymbolA/m/n' will be
(Font)              scaled to size 6.0pt on input line 55.
LaTeX Font Info:    Font shape `U/FdSymbolE/m/n' will be
(Font)              scaled to size 10.0pt on input line 55.
LaTeX Font Info:    Font shape `U/FdSymbolE/m/n' will be
(Font)              scaled to size 7.4pt on input line 55.
LaTeX Font Info:    Font shape `U/FdSymbolE/m/n' will be
(Font)              scaled to size 6.0pt on input line 55.
LaTeX Font Info:    Trying to load font information for OT1+ptm on input line 55.
 (c:/texlive/2025/texmf-dist/tex/latex/psnfss/ot1ptm.fd
File: ot1ptm.fd 2001/06/04 font definitions for OT1/ptm.
)
LaTeX Font Info:    Font shape `OT1/ptm/bx/n' in size <10> not available
(Font)              Font shape `OT1/ptm/b/n' tried instead on input line 55.
LaTeX Font Info:    Font shape `OT1/ptm/bx/n' in size <7.4> not available
(Font)              Font shape `OT1/ptm/b/n' tried instead on input line 55.
LaTeX Font Info:    Font shape `OT1/ptm/bx/n' in size <6> not available
(Font)              Font shape `OT1/ptm/b/n' tried instead on input line 55.
LaTeX Font Info:    Font shape `U/FdSymbolB/m/n' will be
(Font)              scaled to size 10.0pt on input line 55.
LaTeX Font Info:    Font shape `U/FdSymbolB/m/n' will be
(Font)              scaled to size 7.4pt on input line 55.
LaTeX Font Info:    Font shape `U/FdSymbolB/m/n' will be
(Font)              scaled to size 6.0pt on input line 55.
LaTeX Font Info:    Font shape `U/FdSymbolC/m/n' will be
(Font)              scaled to size 10.0pt on input line 55.
LaTeX Font Info:    Font shape `U/FdSymbolC/m/n' will be
(Font)              scaled to size 7.4pt on input line 55.
LaTeX Font Info:    Font shape `U/FdSymbolC/m/n' will be
(Font)              scaled to size 6.0pt on input line 55.
LaTeX Font Info:    Font shape `U/FdSymbolD/m/n' will be
(Font)              scaled to size 10.0pt on input line 55.
LaTeX Font Info:    Font shape `U/FdSymbolD/m/n' will be
(Font)              scaled to size 7.4pt on input line 55.
LaTeX Font Info:    Font shape `U/FdSymbolD/m/n' will be
(Font)              scaled to size 6.0pt on input line 55.
LaTeX Font Info:    Font shape `U/FdSymbolF/m/n' will be
(Font)              scaled to size 10.0pt on input line 55.
LaTeX Font Info:    Font shape `U/FdSymbolF/m/n' will be
(Font)              scaled to size 7.4pt on input line 55.
LaTeX Font Info:    Font shape `U/FdSymbolF/m/n' will be
(Font)              scaled to size 6.0pt on input line 55.
LaTeX Font Info:    Font shape `U/FdSymbolA/m/n' will be
(Font)              scaled to size 8.0pt on input line 60.
LaTeX Font Info:    Font shape `U/FdSymbolA/m/n' will be
(Font)              scaled to size 5.0pt on input line 60.
LaTeX Font Info:    Font shape `U/FdSymbolE/m/n' will be
(Font)              scaled to size 8.0pt on input line 60.
LaTeX Font Info:    Font shape `U/FdSymbolE/m/n' will be
(Font)              scaled to size 5.0pt on input line 60.
LaTeX Font Info:    Font shape `OT1/ptm/bx/n' in size <8> not available
(Font)              Font shape `OT1/ptm/b/n' tried instead on input line 60.
LaTeX Font Info:    Font shape `OT1/ptm/bx/n' in size <5> not available
(Font)              Font shape `OT1/ptm/b/n' tried instead on input line 60.
LaTeX Font Info:    Font shape `U/FdSymbolB/m/n' will be
(Font)              scaled to size 8.0pt on input line 60.
LaTeX Font Info:    Font shape `U/FdSymbolB/m/n' will be
(Font)              scaled to size 5.0pt on input line 60.
LaTeX Font Info:    Font shape `U/FdSymbolC/m/n' will be
(Font)              scaled to size 8.0pt on input line 60.
LaTeX Font Info:    Font shape `U/FdSymbolC/m/n' will be
(Font)              scaled to size 5.0pt on input line 60.
LaTeX Font Info:    Font shape `U/FdSymbolD/m/n' will be
(Font)              scaled to size 8.0pt on input line 60.
LaTeX Font Info:    Font shape `U/FdSymbolD/m/n' will be
(Font)              scaled to size 5.0pt on input line 60.
LaTeX Font Info:    Font shape `U/FdSymbolF/m/n' will be
(Font)              scaled to size 8.0pt on input line 60.
LaTeX Font Info:    Font shape `U/FdSymbolF/m/n' will be
(Font)              scaled to size 5.0pt on input line 60.
<../corel draw/collage_a.jpg, id=12, 519.1395pt x 480.1137pt>
File: ../corel draw/collage_a.jpg Graphic file (type jpg)
<use ../corel draw/collage_a.jpg>
Package pdftex.def Info: ../corel draw/collage_a.jpg  used on input line 65.
(pdftex.def)             Requested size: 306.00311pt x 283.00089pt.


Package natbib Warning: Citation `Wilson1961' on page 1 undefined on input line 71.


Package natbib Warning: Citation `MarderCalabrese1996' on page 1 undefined on input line 71.


Package natbib Warning: Citation `Kiehn2006' on page 1 undefined on input line 71.


Package natbib Warning: Citation `brown' on page 1 undefined on input line 71.


Package natbib Warning: Citation `Wang-Rinzel-92' on page 1 undefined on input line 71.


Package natbib Warning: Citation `SKM94' on page 1 undefined on input line 71.


Package natbib Warning: Citation `Kopell-Ermentrout-02' on page 1 undefined on input line 71.


Package natbib Warning: Citation `Marder2023' on page 1 undefined on input line 73.


Package natbib Warning: Citation `MarderCalabrese1996' on page 1 undefined on input line 73.


Package natbib Warning: Citation `Marder2011' on page 1 undefined on input line 75.


Package natbib Warning: Citation `OLeary2014' on page 1 undefined on input line 75.


Package natbib Warning: Citation `Franci2020' on page 1 undefined on input line 75.


Package natbib Warning: Citation `Perkel-Mulloney-74' on page 1 undefined on input line 75.


Package natbib Warning: Citation `MarderBucher2001' on page 1 undefined on input line 75.


Package natbib Warning: Citation `NusbaumBeenhakker2002' on page 1 undefined on input line 75.


Package natbib Warning: Citation `JingWeiss2005' on page 1 undefined on input line 75.


Package natbib Warning: Citation `BriggmanKristan2008' on page 1 undefined on input line 75.


Package natbib Warning: Citation `NW02' on page 1 undefined on input line 75.


Package natbib Warning: Citation `TW05' on page 1 undefined on input line 75.


Package natbib Warning: Citation `SNLK11' on page 1 undefined on input line 75.


Package natbib Warning: Citation `zucker2002short' on page 1 undefined on input line 75.


Package natbib Warning: Citation `jackman2017mechanisms' on page 1 undefined on input line 75.


Package natbib Warning: Citation `Manor1997' on page 1 undefined on input line 75.


Package natbib Warning: Citation `NadimBucher2014' on page 1 undefined on input line 75.


Package natbib Warning: Citation `NeherBrose2018' on page 1 undefined on input line 75.


Package natbib Warning: Citation `SakuraiKatz2016' on page 1 undefined on input line 77.


Package natbib Warning: Citation `sakurai2019command' on page 1 undefined on input line 77.

[1{c:/texlive/2025/texmf-var/fonts/map/pdftex/updmap/pdftex.map}{c:/texlive/2025/texmf-dist/fonts/enc/dvips/cm-super/cm-super-t1.enc}{c:/texlive/2025/texmf-dist/fonts/enc/dvips/base/8r.enc}]

Package natbib Warning: Citation `katz1994dynamic' on page 2 undefined on input line 81.


Package natbib Warning: Citation `sakurai2003spike' on page 2 undefined on input line 81.


Package natbib Warning: Citation `sakurai2019command' on page 2 undefined on input line 83.

[2 <../corel draw/collage_a.jpg>]

LaTeX Warning: Reference `fig:bodysize_collage' on page 3 undefined on input line 85.


Package natbib Warning: Citation `scully2024pairing' on page 3 undefined on input line 92.


Package natbib Warning: Citation `plant81' on page 3 undefined on input line 97.


Package natbib Warning: Citation `scully2024pairing' on page 3 undefined on input line 97.


Package natbib Warning: Citation `scully2024chaos' on page 3 undefined on input line 97.


Package natbib Warning: Citation `scully2024chaos' on page 3 undefined on input line 97.


Package natbib Warning: Citation `scully2024pairing' on page 3 undefined on input line 97.

LaTeX Font Info:    Trying to load font information for TS1+ptm on input line 105.
(c:/texlive/2025/texmf-dist/tex/latex/psnfss/ts1ptm.fd
File: ts1ptm.fd 2001/06/04 font definitions for TS1/ptm.
)

Package natbib Warning: Citation `scully2024pairing' on page 3 undefined on input line 138.

[3]

Package natbib Warning: Citation `scully2024pairing' on page 4 undefined on input line 142.


Package natbib Warning: Citation `destexhe1994synthesis' on page 4 undefined on input line 145.


Package natbib Warning: Citation `Wang-Rinzel-92' on page 4 undefined on input line 145.


Package natbib Warning: Citation `Rall67' on page 4 undefined on input line 145.


Underfull \hbox (badness 1895) in paragraph at lines 152--154
 \T1/ptm/m/n/10 Here, the con-stant $\OML/ztmcm/m/it/10 k$ \T1/ptm/m/n/10 de-ter-mines the deriva-tive at
 []


Package natbib Warning: Citation `NW02' on page 4 undefined on input line 155.


Package natbib Warning: Citation `WNT02' on page 4 undefined on input line 155.


Package natbib Warning: Citation `TW05' on page 4 undefined on input line 155.


Package natbib Warning: Citation `SNLK11' on page 4 undefined on input line 155.


Package natbib Warning: Citation `SakuraiKatz2016' on page 4 undefined on input line 173.


Package natbib Warning: Citation `scully2024pairing' on page 4 undefined on input line 177.

<../corel draw/collage3b.jpg, id=62, 373.6359pt x 181.6386pt>
File: ../corel draw/collage3b.jpg Graphic file (type jpg)
<use ../corel draw/collage3b.jpg>
Package pdftex.def Info: ../corel draw/collage3b.jpg  used on input line 183.
(pdftex.def)             Requested size: 244.79782pt x 119.00601pt.
LaTeX Font Info:    Font shape `U/FdSymbolA/m/n' will be
(Font)              scaled to size 9.0pt on input line 184.
LaTeX Font Info:    Font shape `U/FdSymbolA/m/n' will be
(Font)              scaled to size 7.0pt on input line 184.
LaTeX Font Info:    Font shape `U/FdSymbolE/m/n' will be
(Font)              scaled to size 9.0pt on input line 184.
LaTeX Font Info:    Font shape `U/FdSymbolE/m/n' will be
(Font)              scaled to size 7.0pt on input line 184.
LaTeX Font Info:    Font shape `OT1/ptm/bx/n' in size <9> not available
(Font)              Font shape `OT1/ptm/b/n' tried instead on input line 184.
LaTeX Font Info:    Font shape `OT1/ptm/bx/n' in size <7> not available
(Font)              Font shape `OT1/ptm/b/n' tried instead on input line 184.
LaTeX Font Info:    Font shape `U/FdSymbolB/m/n' will be
(Font)              scaled to size 9.0pt on input line 184.
LaTeX Font Info:    Font shape `U/FdSymbolB/m/n' will be
(Font)              scaled to size 7.0pt on input line 184.
LaTeX Font Info:    Font shape `U/FdSymbolC/m/n' will be
(Font)              scaled to size 9.0pt on input line 184.
LaTeX Font Info:    Font shape `U/FdSymbolC/m/n' will be
(Font)              scaled to size 7.0pt on input line 184.
LaTeX Font Info:    Font shape `U/FdSymbolD/m/n' will be
(Font)              scaled to size 9.0pt on input line 184.
LaTeX Font Info:    Font shape `U/FdSymbolD/m/n' will be
(Font)              scaled to size 7.0pt on input line 184.
LaTeX Font Info:    Font shape `U/FdSymbolF/m/n' will be
(Font)              scaled to size 9.0pt on input line 184.
LaTeX Font Info:    Font shape `U/FdSymbolF/m/n' will be
(Font)              scaled to size 7.0pt on input line 184.

Package natbib Warning: Citation `sakurai2022bursting' on page 4 undefined on input line 184.


Package natbib Warning: Citation `sakurai2022bursting' on page 4 undefined on input line 184.


LaTeX Warning: Reference `fig:antiphase_pattern' on page 4 undefined on input line 188.

[4]

LaTeX Warning: A float is stuck (cannot be placed) on input line 191.


LaTeX Warning: A float is stuck (cannot be placed) on input line 191.


Class revtex4-2 Warning: Deferred float stuck during \clearpage processing.


Package natbib Warning: Citation `SakuraiKatz2016' on page 5 undefined on input line 193.


Package natbib Warning: Citation `SakuraiKatz2016' on page 5 undefined on input line 198.


Underfull \hbox (badness 1360) in paragraph at lines 198--199
 []\T1/ptm/b/n/10 Fast in-hi-bi-tion: \T1/ptm/m/n/10 In-hibitory con-duc-tances for both
 []


Package natbib Warning: Citation `SakuraiKatz2016' on page 5 undefined on input line 206.


Package natbib Warning: Citation `sakurai2019command' on page 5 undefined on input line 206.


Package natbib Warning: Citation `sakurai2022bursting' on page 5 undefined on input line 206.


Underfull \hbox (badness 2418) in paragraph at lines 206--207
[]\T1/ptm/m/n/10 Validation fo-cuses on qual-i-ta-tive re-pro-duc-tion of ex-
 []


Underfull \hbox (badness 1024) in paragraph at lines 206--207
\T1/ptm/m/n/10 per-i-men-tal phe-nom-ena through sys-tem-atic com-par-i-son of
 []


Package natbib Warning: Citation `sakurai2019command' on page 5 undefined on input line 212.


Package natbib Warning: Citation `SakuraiKatz2016' on page 5 undefined on input line 212.


Package natbib Warning: Citation `MarderBucher2001' on page 5 undefined on input line 214.


Package natbib Warning: Citation `NadimBucher2014' on page 5 undefined on input line 214.

[5 <../corel draw/collage3b.jpg>]

Package natbib Warning: Citation `zucker2002short' on page 6 undefined on input line 241.


Package natbib Warning: Citation `jackman2017mechanisms' on page 6 undefined on input line 241.


Package natbib Warning: Citation `katz1994dynamic' on page 6 undefined on input line 241.


Package natbib Warning: Citation `sakurai2003spike' on page 6 undefined on input line 241.

<../jack_figs/assembly_5steps_CPG.jpg, id=88, 732.5769pt x 576.4737pt>
File: ../jack_figs/assembly_5steps_CPG.jpg Graphic file (type jpg)
<use ../jack_figs/assembly_5steps_CPG.jpg>
Package pdftex.def Info: ../jack_figs/assembly_5steps_CPG.jpg  used on input line 251.
(pdftex.def)             Requested size: 484.49844pt x 381.25667pt.

LaTeX Warning: Reference `fig:fig1' on page 6 undefined on input line 267.


LaTeX Warning: Reference `fig:fig1' on page 6 undefined on input line 267.


LaTeX Warning: Reference `fig:fig1' on page 6 undefined on input line 269.


LaTeX Warning: Reference `fig:fig1' on page 6 undefined on input line 269.


Package natbib Warning: Citation `SakuraiKatz2016' on page 6 undefined on input line 269.


LaTeX Warning: Reference `fig:fig1' on page 6 undefined on input line 271.


LaTeX Warning: Reference `fig:fig1' on page 6 undefined on input line 271.

[6]
<../jack_figs/5_all_6_panels_circuits_shorter.jpg, id=103, 581.0508pt x 288.8391pt>
File: ../jack_figs/5_all_6_panels_circuits_shorter.jpg Graphic file (type jpg)
<use ../jack_figs/5_all_6_panels_circuits_shorter.jpg>
Package pdftex.def Info: ../jack_figs/5_all_6_panels_circuits_shorter.jpg  used on input line 280.
(pdftex.def)             Requested size: 509.94553pt x 253.50044pt.


Package natbib Warning: Citation `SakuraiKatz2016' on page 7 undefined on input line 288.


Package natbib Warning: Citation `SakuraiKatz2017' on page 7 undefined on input line 288.


Package natbib Warning: Citation `sakurai2022bursting' on page 7 undefined on input line 288.


Package natbib Warning: Citation `SakuraiKatz2016' on page 7 undefined on input line 288.


Package natbib Warning: Citation `SakuraiKatz2017' on page 7 undefined on input line 288.


Package natbib Warning: Citation `sakurai2022bursting' on page 7 undefined on input line 288.


Package natbib Warning: Citation `SakuraiKatz2016' on page 7 undefined on input line 293.


LaTeX Warning: Reference `fig:perturbation_responses' on page 7 undefined on input line 293.


Package natbib Warning: Citation `SakuraiKatz2016' on page 7 undefined on input line 293.


LaTeX Warning: Reference `fig:perturbation_responses' on page 7 undefined on input line 299.


LaTeX Warning: Reference `fig:fig1' on page 7 undefined on input line 301.


LaTeX Warning: Reference `fig:bodysize_collage' on page 7 undefined on input line 301.

<../jack_figs/7_4_panels.jpg, id=104, 525.6438pt x 226.6869pt>
File: ../jack_figs/7_4_panels.jpg Graphic file (type jpg)
<use ../jack_figs/7_4_panels.jpg>
Package pdftex.def Info: ../jack_figs/7_4_panels.jpg  used on input line 304.
(pdftex.def)             Requested size: 408.00156pt x 175.95724pt.

Package natbib Warning: Citation `SakuraiKatz2016' on page 7 undefined on input line 310.


Package natbib Warning: Citation `SakuraiKatz2016' on page 7 undefined on input line 310.

[7 <../jack_figs/assembly_5steps_CPG.jpg>]

LaTeX Warning: Reference `fig:perturbation_responses' on page 8 undefined on input line 323.

[8 <../jack_figs/5_all_6_panels_circuits_shorter.jpg>]

LaTeX Warning: Reference `fig:perturbation_responses' on page 9 undefined on input line 327.


Underfull \hbox (badness 1221) in paragraph at lines 327--329
[]\T1/ptm/b/n/10 Fact-check 1.4. \T1/ptm/m/n/10 In the next per-tur-ba-tion ex-per-i-ment
 []


LaTeX Warning: Reference `fig:perturbation_responses' on page 9 undefined on input line 332.


LaTeX Warning: Reference `fig:group_fig7' on page 9 undefined on input line 353.


Package natbib Warning: Citation `SakuraiKatz2016' on page 9 undefined on input line 353.

[9 <../jack_figs/7_4_panels.jpg>]
<../jack_figs/ZOO_synapses_4panels.jpg, id=122, 361.35pt x 229.5777pt>
File: ../jack_figs/ZOO_synapses_4panels.jpg Graphic file (type jpg)
<use ../jack_figs/ZOO_synapses_4panels.jpg>
Package pdftex.def Info: ../jack_figs/ZOO_synapses_4panels.jpg  used on input line 370.
(pdftex.def)             Requested size: 244.79782pt x 155.52925pt.


Package natbib Warning: Citation `sakurai2022bursting' on page 10 undefined on input line 373.


Package natbib Warning: Citation `sakurai2022bursting' on page 10 undefined on input line 373.


LaTeX Warning: `h' float specifier changed to `ht'.


LaTeX Warning: Reference `fig:group_fig5' on page 10 undefined on input line 380.


Package natbib Warning: Citation `sakurai2022bursting' on page 10 undefined on input line 380.

<../jack_figs/s1_Fig2A_drives_cpg_als_circuit.jpg, id=123, 361.35pt x 126.7134pt>
File: ../jack_figs/s1_Fig2A_drives_cpg_als_circuit.jpg Graphic file (type jpg)
<use ../jack_figs/s1_Fig2A_drives_cpg_als_circuit.jpg>
Package pdftex.def Info: ../jack_figs/s1_Fig2A_drives_cpg_als_circuit.jpg  used on input line 384.
(pdftex.def)             Requested size: 300.89813pt x 105.51624pt.
<../jack_figs/s1_Fig3A_drives_cpg1.jpg, id=124, 2591.6825pt x 1177.39874pt>
File: ../jack_figs/s1_Fig3A_drives_cpg1.jpg Graphic file (type jpg)
<use ../jack_figs/s1_Fig3A_drives_cpg1.jpg>
Package pdftex.def Info: ../jack_figs/s1_Fig3A_drives_cpg1.jpg  used on input line 385.
(pdftex.def)             Requested size: 239.70062pt x 108.88971pt.
<../jack_figs/s1_drives_CPG_Fig3B_No_NM_als.jpg, id=125, 2373.86874pt x 1177.39874pt>
File: ../jack_figs/s1_drives_CPG_Fig3B_No_NM_als.jpg Graphic file (type jpg)
<use ../jack_figs/s1_drives_CPG_Fig3B_No_NM_als.jpg>
Package pdftex.def Info: ../jack_figs/s1_drives_CPG_Fig3B_No_NM_als.jpg  used on input line 386.
(pdftex.def)             Requested size: 219.29626pt x 108.76395pt.

Package natbib Warning: Citation `sakurai2019command' on page 10 undefined on input line 387.


Package natbib Warning: Citation `sakurai2019command' on page 10 undefined on input line 387.


Package natbib Warning: Citation `sakurai2019command' on page 10 undefined on input line 400.

[10 <../jack_figs/ZOO_synapses_4panels.jpg>]

Package natbib Warning: Citation `sakurai2019command' on page 11 undefined on input line 404.


LaTeX Warning: Reference `fig:si1_control' on page 11 undefined on input line 407.

LaTeX Info: Symbol \textrightarrow not provided by
            font family ptm in TS1 encoding.
            Default family used instead on input line 407.

LaTeX Warning: File `neuromod_a.jpg' not found on input line 414.


c:/Users/james/GSU Dropbox Dropbox/James Scully/Plant model latex/Dendronotus/paper/manuscript_5.tex:414: Package pdftex.def Error: File `neuromod_a.jpg' not found: using draft setting.

See the pdftex.def package documentation for explanation.
Type  H <return>  for immediate help.
 ...                                              
                                                  
l.414 ...m={5cm 2cm 5cm 0cm},clip]{neuromod_a.jpg}
                                                  
Try typing  <return>  to proceed.
If that doesn't work, type  X <return>  to quit.


LaTeX Warning: File `neuromod_g.jpg' not found on input line 418.


c:/Users/james/GSU Dropbox Dropbox/James Scully/Plant model latex/Dendronotus/paper/manuscript_5.tex:418: Package pdftex.def Error: File `neuromod_g.jpg' not found: using draft setting.

See the pdftex.def package documentation for explanation.
Type  H <return>  for immediate help.
 ...                                              
                                                  
l.418 ...m={5cm 2cm 5cm 0cm},clip]{neuromod_g.jpg}
                                                  
Try typing  <return>  to proceed.
If that doesn't work, type  X <return>  to quit.


LaTeX Warning: Reference `fig:neuromodulation_comparison' on page 11 undefined on input line 429.

[11{c:/texlive/2025/texmf-dist/fonts/enc/dvips/cm-super/cm-super-ts1.enc} <../jack_figs/s1_Fig2A_drives_cpg_als_circuit.jpg> <../jack_figs/s1_Fig3A_drives_cpg1.jpg> <../jack_figs/s1_drives_CPG_Fig3B_No_NM_als.jpg>]

Package natbib Warning: Citation `zucker2002short' on page 12 undefined on input line 437.


Package natbib Warning: Citation `Manor1997' on page 12 undefined on input line 437.


Package natbib Warning: Citation `NadimBucher2014' on page 12 undefined on input line 437.


Package natbib Warning: Citation `Rinzel87b' on page 12 undefined on input line 437.


Package natbib Warning: Citation `plant81' on page 12 undefined on input line 437.


LaTeX Warning: Reference `fig:neuromodulation_comparison' on page 12 undefined on input line 441.


LaTeX Warning: Reference `fig:neuromodulation_comparison' on page 12 undefined on input line 441.


Package natbib Warning: Citation `NeherBrose2018' on page 12 undefined on input line 443.


Package natbib Warning: Citation `jackman2017mechanisms' on page 12 undefined on input line 443.


Package natbib Warning: Citation `katz1994dynamic' on page 12 undefined on input line 443.


Package natbib Warning: Citation `sakurai2003spike' on page 12 undefined on input line 443.


Underfull \hbox (badness 1910) in paragraph at lines 445--446
\T1/ptm/m/n/10 nomeno-log-i-cal rep-re-sen-ta-tions of neu-ro-mod-u-la-tion rather
 []

[12]

LaTeX Warning: Reference `fig:bodysize_collage' on page 13 undefined on input line 449.


Package natbib Warning: Citation `plant81' on page 13 undefined on input line 449.


Package natbib Warning: Citation `Rinzel87b' on page 13 undefined on input line 449.


Package natbib Warning: Citation `RL87' on page 13 undefined on input line 449.


LaTeX Warning: Reference `fig:perturbation_responses' on page 13 undefined on input line 451.


LaTeX Warning: Reference `fig:group_fig7' on page 13 undefined on input line 451.


Package natbib Warning: Citation `katz1994dynamic' on page 13 undefined on input line 457.


Package natbib Warning: Citation `sakurai2003spike' on page 13 undefined on input line 457.


LaTeX Warning: Reference `fig:bodysize_collage' on page 13 undefined on input line 459.

[13]
Underfull \hbox (badness 1033) in paragraph at lines 479--480
\T1/ptm/m/n/10 this work. First, di-ag-o-nal excitatory-inhibitory mod-ules
 []

[14]

LaTeX Warning: Reference `LastBibItem' on page 15 undefined on input line 558.

[15]
Underfull \hbox (badness 3977) in paragraph at lines 615--618
 \T1/ptm/m/n/10 Demon-strates that Dis-tinct Neu-ral Cir-cuit Con-fig-u-ra-
 []


Underfull \hbox (badness 4108) in paragraph at lines 641--644
 []\T1/ptm/m/n/10 J Scully, C Hins-ley, D Bloom, HGE Mei-jer, and
 []


Underfull \hbox (badness 1859) in paragraph at lines 696--699
 \T1/ptm/m/n/10 generating cir-cuits.  \T1/ptm/m/it/10 An-nual Re-view of Neu-ro-science\T1/ptm/m/n/10 ,
 []


Underfull \hbox (badness 1082) in paragraph at lines 752--755
 []\T1/ptm/m/n/10 J Rinzel.  A for-mal clas-si-fi-ca-tion of burst-ing mech-a-
 []

(./manuscript_5.bbl)

Package natbib Warning: There were undefined citations.

[16] (./manuscript_5.aux

Package natbib Warning: Citation(s) may have changed.
(natbib)                Rerun to get citations correct.

)
 ***********
LaTeX2e <2025-06-01> patch level 1
L3 programming layer <2025-09-02>
 ***********


LaTeX Warning: There were undefined references.


LaTeX Warning: Label(s) may have changed. Rerun to get cross-references right.


Package rerunfilecheck Warning: File `manuscript_5.out' has changed.
(rerunfilecheck)                Rerun to get outlines right
(rerunfilecheck)                or use package `bookmark'.

Package rerunfilecheck Info: Checksums for `manuscript_5.out':
(rerunfilecheck)             Before: <no file>
(rerunfilecheck)             After:  F6182BD70502CB99DEEDD962A6223E77;7480.
 ) 
Here is how much of TeX's memory you used:
 18026 strings out of 467797
 266899 string characters out of 5435982
 705457 words of memory out of 5000000
 46250 multiletter control sequences out of 15000+600000
 710760 words of font info for 189 fonts, out of 8000000 for 9000
 1141 hyphenation exceptions out of 8191
 75i,10n,79p,2048b,583s stack positions out of 10000i,1000n,20000p,200000b,200000s
<c:/texlive/2025/texmf-dist/fonts/type1/public/fdsymbol/FdSymbolA-Book.pfb><c:/texlive/2025/texmf-dist/fonts/type1/public/fdsymbol/FdSymbolB-Book.pfb><c:/texlive/2025/texmf-dist/fonts/type1/public/fdsymbol/FdSymbolC-Book.pfb><c:/texlive/2025/texmf-dist/fonts/type1/public/fdsymbol/FdSymbolF-Book.pfb><c:/texlive/2025/texmf-dist/fonts/type1/public/amsfonts/cm/cmmi10.pfb><c:/texlive/2025/texmf-dist/fonts/type1/public/cm-super/sfrm1000.pfb><c:/texlive/2025/texmf-dist/fonts/type1/public/cm-super/sfso1000.pfb><c:/texlive/2025/texmf-dist/fonts/type1/public/cm-super/sfss0800.pfb><c:/texlive/2025/texmf-dist/fonts/type1/public/cm-super/sfss1000.pfb><c:/texlive/2025/texmf-dist/fonts/type1/public/cm-super/sfsx1000.pfb><c:/texlive/2025/texmf-dist/fonts/type1/public/cm-super/sftt0900.pfb><c:/texlive/2025/texmf-dist/fonts/type1/urw/symbol/usyr.pfb><c:/texlive/2025/texmf-dist/fonts/type1/urw/symbol/usyr.pfb><c:/texlive/2025/texmf-dist/fonts/type1/urw/times/utmb8a.pfb><c:/texlive/2025/texmf-dist/fonts/type1/urw/times/utmbi8a.pfb><c:/texlive/2025/texmf-dist/fonts/type1/urw/times/utmr8a.pfb><c:/texlive/2025/texmf-dist/fonts/type1/urw/times/utmri8a.pfb>
Output written on manuscript_5.pdf (16 pages, 11564215 bytes).
PDF statistics:
 346 PDF objects out of 1000 (max. 8388607)
 282 compressed objects within 3 object streams
 150 named destinations out of 1000 (max. 500000)
 46 words of extra memory for PDF output out of 10000 (max. 10000000)

